// Jest Snapshot v1, https://goo.gl/fbAQLP

exports[`DraftIndicator matches snapshot 1`] = `
<div>
  <div>
    <div
      class="draft-indicator"
    >
      <button
        aria-expanded="false"
        aria-label="View observation drafts"
        class="draft-indicator__button"
      >
        <span
          class="draft-indicator__icon-wrapper"
        >
          <svg
            aria-hidden="true"
            class="draft-indicator__icon"
            fill="currentColor"
            focusable="false"
            height="24"
            preserveAspectRatio="xMidYMid meet"
            viewBox="0 0 32 32"
            width="24"
            xmlns="http://www.w3.org/2000/svg"
          >
            <path
              d="M26,30H6a2.0023,2.0023,0,0,1-2-2V4A2.0023,2.0023,0,0,1,6,2H26a2.0023,2.0023,0,0,1,2,2V28A2.0023,2.0023,0,0,1,26,30ZM6,4V28H26V4Z"
            />
            <path
              d="M9 13H20V15H9zM9 18H16V20H9z"
            />
          </svg>
          <span
            aria-hidden="true"
            class="draft-indicator__red-dot"
          />
        </span>
      </button>
    </div>
  </div>
</div>
`;
